<html>
<body>
<pre>
<h1>µVision Build Log</h1>
<h2>Project:</h2>
C:\Users\XUJIALIANG\Documents\MCU_Project_Files\HBM\MCU_CODE\Main_Ctrl\USER\Main_Ctrl.uvproj
Project File Date:  05/31/2018

<h2>Output:</h2>
Build target 'Main_Ctrl'
compiling main.c...
compiling can.c...
linking...
Program Size: Code=14244 RO-data=1120 RW-data=48 ZI-data=3744  
FromELF: creating hex file...
"..\OBJ\Main_Ctrl.axf" - 0 Error(s), 0 Warning(s).
</pre>
</body>
</html>
WARE\CAN\can.c: 0 warnings, 1 error
"..\OBJ\Main_Ctrl.axf" - 1 Error(s), 0 Warning(s).
Target not created
MD_BEEP(u8 mode)
..\SYSTEM\usart\usart.c: 1 warning, 0 errors
compiling core_cm3.c...
assembling startup_stm32f10x_hd.s...
compiling stm32f10x_gpio.c...
compiling stm32f10x_rcc.c...
compiling stm32f10x_usart.c...
compiling misc.c...
compiling stm32f10x_can.c...
compiling stm32f10x_tim.c...
compiling stm32f10x_flash.c...
linking...
Program Size: Code=14196 RO-data=1120 RW-data=48 ZI-data=3744  
FromELF: creating hex file...
"..\OBJ\Main_Ctrl.axf" - 0 Error(s), 1 Warning(s).
